../App/app_main.c:333:13:RTC_AlarmConfig	88	static
../App/app_main.c:142:6:HAL_GPIO_EXTI_Callback	16	static
../App/app_main.c:175:6:HAL_RTC_AlarmAEventCallback	8	static
../App/app_main.c:185:6:HAL_TIM_PeriodElapsedCallback	8	static
../App/app_main.c:198:6:openValve	16	static
../App/app_main.c:217:6:closeValve	16	static
../App/app_main.c:251:10:measureBattery	16	static
../App/app_main.c:304:6:statusled	16	static
../App/app_main.c:314:6:batteryled	16	static
../App/app_main.c:324:6:batteryAlarm	16	static
../App/app_main.c:368:6:alert	16	static
../App/app_main.c:377:6:console	8	static
../App/app_main.c:235:6:resetFloodEvent	8	static
../App/app_main.c:278:6:monitorBattery	16	static
../App/app_main.c:50:6:app_main	32	static
