../Core/Src/stm32l0xx_it.c:71:6:NMI_Handler	0	static
../Core/Src/stm32l0xx_it.c:86:6:HardFault_Handler	0	static
../Core/Src/stm32l0xx_it.c:101:6:SVC_Handler	0	static
../Core/Src/stm32l0xx_it.c:114:6:PendSV_Handler	0	static
../Core/Src/stm32l0xx_it.c:127:6:SysTick_Handler	8	static
../Core/Src/stm32l0xx_it.c:148:6:RTC_IRQHandler	8	static
../Core/Src/stm32l0xx_it.c:162:6:RCC_IRQHandler	0	static
../Core/Src/stm32l0xx_it.c:175:6:EXTI4_15_IRQHandler	8	static
../Core/Src/stm32l0xx_it.c:190:6:TIM2_IRQHandler	8	static
../Core/Src/stm32l0xx_it.c:204:6:TIM21_IRQHandler	8	static
