../App/app_main.c:50:6:app_main	24	static
../App/app_main.c:144:6:HAL_GPIO_EXTI_Callback	16	static
../App/app_main.c:177:6:HAL_RTC_AlarmAEventCallback	16	static
../App/app_main.c:187:6:HAL_TIM_PeriodElapsedCallback	16	static
../App/app_main.c:200:6:openValve	16	static
../App/app_main.c:219:6:closeValve	16	static
../App/app_main.c:237:6:resetFloodEvent	16	static
../App/app_main.c:253:10:measureBattery	16	static
../App/app_main.c:280:6:monitorBattery	24	static
../App/app_main.c:306:6:statusled	8	static
../App/app_main.c:316:6:batteryled	8	static
../App/app_main.c:326:6:batteryAlarm	8	static
../App/app_main.c:335:13:RTC_AlarmConfig	88	static
../App/app_main.c:370:6:alert	8	static
../App/app_main.c:379:6:console	16	static
