../App/app_main.c:46:6:app_main	24	static
../App/app_main.c:142:6:HAL_GPIO_EXTI_Callback	16	static
../App/app_main.c:175:6:HAL_RTC_AlarmAEventCallback	16	static
../App/app_main.c:185:6:HAL_TIM_PeriodElapsedCallback	16	static
../App/app_main.c:198:6:openValve	16	static
../App/app_main.c:217:6:closeValve	16	static
../App/app_main.c:235:6:resetFloodEvent	16	static
../App/app_main.c:251:10:measureBattery	16	static
../App/app_main.c:282:6:monitorBattery	24	static
../App/app_main.c:302:6:statusled	8	static
../App/app_main.c:312:6:batteryled	8	static
../App/app_main.c:322:6:batteryAlarm	8	static
../App/app_main.c:331:6:RTC_AlarmConfig	64	static
../App/app_main.c:358:6:alert	8	static
../App/app_main.c:367:6:console	16	static
